// Jest Snapshot v1, https://goo.gl/fbAQLP

exports[`instruments: sum function should return a sum of two arguments 1`] = `0`;
